192.168.9.190 - - [23/Sep/2012:00:25:57 +0200] "GET /stages/InsaIF.ico HTTP/1.1" 200 766 "-" "Mozilla/5.0 (Windows NT 6.1; WOW64) AppleWebKit/537.1 (KHTML, like Gecko) Chrome/21.0.1180.89 Safari/537.1"
192.168.9.190 - - [23/Sep/2012:00:25:58 +0200] "GET /notesif HTTP/1.1" 301 248 "http://intranet-if.insa-lyon.fr/SiteWebIF/Intranet-etudiant.php" "Mozilla/5.0 (Windows NT 6.1; WOW64) AppleWebKit/537.1 (KHTML, like Gecko) Chrome/21.0.1180.89 Safari/537.1"
192.168.9.190 - - [23/Sep/2012:00:25:58 +0200] "GET /notesif/ HTTP/1.1" 302 - "http://intranet-if.insa-lyon.fr/SiteWebIF/Intranet-etudiant.php" "Mozilla/5.0 (Windows NT 6.1; WOW64) AppleWebKit/537.1 (KHTML, like Gecko) Chrome/21.0.1180.89 Safari/537.1"
192.168.1.3 - - [23/Sep/2012:00:26:14 +0200] "GET /temps/4IF4.ics HTTP/1.1" 304 - "-" "DataAccess/1.0 (8C148)"
192.168.9.191 - - [23/Sep/2012:00:26:42 +0200] "GET /temps/3IF39.html HTTP/1.1" 200 21964 "http://intranet-if.insa-lyon.fr/temps/index.html" "Mozilla/5.0 (Windows NT 6.1; rv:15.0) Gecko/20100101 Firefox/15.0.1"
192.168.9.191 - - [23/Sep/2012:00:27:00 +0200] "GET /temps/3IF41.html HTTP/1.1" 304 - "http://intranet-if.insa-lyon.fr/temps/3IF40.html" "Mozilla/5.0 (Windows NT 6.1; rv:15.0) Gecko/20100101 Firefox/15.0.1"
192.168.9.191 - - [23/Sep/2012:00:27:02 +0200] "GET /temps/3IF42.html HTTP/1.1" 304 - "http://intranet-if.insa-lyon.fr/temps/3IF41.html" "Mozilla/5.0 (Windows NT 6.1; rv:15.0) Gecko/20100101 Firefox/15.0.1"
192.168.6.78 - - [23/Sep/2012:00:28:43 +0200] "GET /temps/4IF4.ics HTTP/1.1" 304 - "-" "DataAccess/1.0 (8J2)"
192.168.2.183 - - [13/Sep/2012:20:59:22 +0200] "GET /temps/5IF3.html HTTP/1.1" 200 19908 "http://intranet-if.insa-lyon.fr/temps/5IF2.html" "Mozilla/5.0 (Windows NT 6.0; WOW64) AppleWebKit/537.1 (KHTML, like Gecko) Chrome/21.0.1180.89 Safari/537.1"
192.168.3.202 - - [13/Sep/2012:20:59:27 +0200] "GET /temps/4IF37.html HTTP/1.1" 200 5197 "http://intranet-if.insa-lyon.fr/temps/" "Mozilla/5.0 (Windows NT 6.1; WOW64; rv:15.0) Gecko/20100101 Firefox/15.0.1"
192.168.3.202 - - [13/Sep/2012:20:59:27 +0200] "GET /temps/precedent.gif HTTP/1.1" 200 1906 "http://intranet-if.insa-lyon.fr/temps/4IF37.html" "Mozilla/5.0 (Windows NT 6.1; WOW64; rv:15.0) Gecko/20100101 Firefox/15.0.1"
192.168.3.202 - - [13/Sep/2012:20:59:27 +0200] "GET /temps/choix.gif HTTP/1.1" 200 2836 "http://intranet-if.insa-lyon.fr/temps/4IF37.html" "Mozilla/5.0 (Windows NT 6.1; WOW64; rv:15.0) Gecko/20100101 Firefox/15.0.1"
192.168.3.202 - - [13/Sep/2012:20:59:27 +0200] "GET /temps/suivant.gif HTTP/1.1" 200 1634 "http://intranet-if.insa-lyon.fr/temps/4IF37.html" "Mozilla/5.0 (Windows NT 6.1; WOW64; rv:15.0) Gecko/20100101 Firefox/15.0.1"
192.168.3.202 - - [13/Sep/2012:20:59:28 +0200] "GET /temps/4IF38.html HTTP/1.1" 200 15555 "http://intranet-if.insa-lyon.fr/temps/4IF37.html" "Mozilla/5.0 (Windows NT 6.1; WOW64; rv:15.0) Gecko/20100101 Firefox/15.0.1"
192.168.2.183 - - [13/Sep/2012:20:59:29 +0200] "GET /temps/5IF4.html HTTP/1.1" 200 19044 "http://intranet-if.insa-lyon.fr/temps/5IF3.html" "Mozilla/5.0 (Windows NT 6.0; WOW64) AppleWebKit/537.1 (KHTML, like Gecko) Chrome/21.0.1180.89 Safari/537.1"
192.168.2.183 - - [13/Sep/2012:20:59:32 +0200] "GET /temps/5IF5.html HTTP/1.1" 200 20411 "http://intranet-if.insa-lyon.fr/temps/5IF4.html" "Mozilla/5.0 (Windows NT 6.0; WOW64) AppleWebKit/537.1 (KHTML, like Gecko) Chrome/21.0.1180.89 Safari/537.1"
192.168.2.183 - - [13/Sep/2012:20:59:39 +0200] "GET /temps/5IF6.html HTTP/1.1" 200 12024 "http://intranet-if.insa-lyon.fr/temps/5IF5.html" "Mozilla/5.0 (Windows NT 6.0; WOW64) AppleWebKit/537.1 (KHTML, like Gecko) Chrome/21.0.1180.89 Safari/537.1"
192.168.2.183 - - [13/Sep/2012:20:59:45 +0200] "GET /temps/5IF7.html HTTP/1.1" 200 13196 "http://intranet-if.insa-lyon.fr/temps/5IF6.html" "Mozilla/5.0 (Windows NT 6.0; WOW64) AppleWebKit/537.1 (KHTML, like Gecko) Chrome/21.0.1180.89 Safari/537.1"
192.168.3.177 - - [13/Sep/2012:20:59:50 +0200] "GET /temps/4IF1.ics HTTP/1.1" 304 - "-" "iOS/5.1.1 (9B208) dataaccessd/1.0"
192.168.2.183 - - [13/Sep/2012:20:59:50 +0200] "GET /temps/5IF8.html HTTP/1.1" 200 13520 "http://intranet-if.insa-lyon.fr/temps/5IF7.html" "Mozilla/5.0 (Windows NT 6.0; WOW64) AppleWebKit/537.1 (KHTML, like Gecko) Chrome/21.0.1180.89 Safari/537.1"
192.168.3.202 - - [13/Sep/2012:20:59:51 +0200] "GET /temps/4IF39.html HTTP/1.1" 200 17278 "http://intranet-if.insa-lyon.fr/temps/4IF38.html" "Mozilla/5.0 (Windows NT 6.1; WOW64; rv:15.0) Gecko/20100101 Firefox/15.0.1"
192.168.2.183 - - [13/Sep/2012:20:59:56 +0200] "GET /temps/5IF9.html HTTP/1.1" 200 5196 "http://intranet-if.insa-lyon.fr/temps/5IF8.html" "Mozilla/5.0 (Windows NT 6.0; WOW64) AppleWebKit/537.1 (KHTML, like Gecko) Chrome/21.0.1180.89 Safari/537.1"
192.168.2.183 - - [13/Sep/2012:20:59:59 +0200] "GET /temps/5IF10.html HTTP/1.1" 200 14397 "http://intranet-if.insa-lyon.fr/temps/5IF9.html" "Mozilla/5.0 (Windows NT 6.0; WOW64) AppleWebKit/537.1 (KHTML, like Gecko) Chrome/21.0.1180.89 Safari/537.1"
192.168.2.183 - - [13/Sep/2012:21:00:01 +0200] "GET /temps/5IF11.html HTTP/1.1" 200 13586 "http://intranet-if.insa-lyon.fr/temps/5IF10.html" "Mozilla/5.0 (Windows NT 6.0; WOW64) AppleWebKit/537.1 (KHTML, like Gecko) Chrome/21.0.1180.89 Safari/537.1"
192.168.2.183 - - [13/Sep/2012:21:00:05 +0200] "GET /temps/5IF12.html HTTP/1.1" 200 13166 "http://intranet-if.insa-lyon.fr/temps/5IF11.html" "Mozilla/5.0 (Windows NT 6.0; WOW64) AppleWebKit/537.1 (KHTML, like Gecko) Chrome/21.0.1180.89 Safari/537.1"
192.168.2.183 - - [13/Sep/2012:21:00:09 +0200] "GET /temps/5IF13.html HTTP/1.1" 200 6517 "http://intranet-if.insa-lyon.fr/temps/5IF12.html" "Mozilla/5.0 (Windows NT 6.0; WOW64) AppleWebKit/537.1 (KHTML, like Gecko) Chrome/21.0.1180.89 Safari/537.1"
192.168.2.183 - - [13/Sep/2012:21:00:13 +0200] "GET /temps/5IF14.html HTTP/1.1" 200 6390 "http://intranet-if.insa-lyon.fr/temps/5IF13.html" "Mozilla/5.0 (Windows NT 6.0; WOW64) AppleWebKit/537.1 (KHTML, like Gecko) Chrome/21.0.1180.89 Safari/537.1"
192.168.2.183 - - [13/Sep/2012:21:00:17 +0200] "GET /temps/5IF15.html HTTP/1.1" 200 6515 "http://intranet-if.insa-lyon.fr/temps/5IF14.html" "Mozilla/5.0 (Windows NT 6.0; WOW64) AppleWebKit/537.1 (KHTML, like Gecko) Chrome/21.0.1180.89 Safari/537.1"
192.168.2.183 - - [13/Sep/2012:21:00:21 +0200] "GET /temps/5IF16.html HTTP/1.1" 200 6519 "http://intranet-if.insa-lyon.fr/temps/5IF15.html" "Mozilla/5.0 (Windows NT 6.0; WOW64) AppleWebKit/537.1 (KHTML, like Gecko) Chrome/21.0.1180.89 Safari/537.1"
192.168.0.41 - - [13/Sep/2012:21:01:40 +0200] "GET /temps/GL.ics HTTP/1.1" 304 - "-" "Mozilla/4.0 (compatible; MSIE 6.0; Windows NT 5.1; SV1; .NET CLR 1.1.4322) Zimbra/2.0"
192.168.1.92 - - [13/Sep/2012:21:02:08 +0200] "GET /temps/4IF4.ics HTTP/1.1" 200 78500 "-" "DataAccess/1.0 (8J2)"
192.168.2.183 - - [13/Sep/2012:21:04:45 +0200] "GET /temps/4IF41.html HTTP/1.1" 200 18246 "http://intranet-if.insa-lyon.fr/temps/4IF40.html" "Mozilla/5.0 (Windows NT 6.0; WOW64) AppleWebKit/537.1 (KHTML, like Gecko) Chrome/21.0.1180.89 Safari/537.1"
192.168.2.183 - - [13/Sep/2012:21:05:07 +0200] "GET /temps/4IF42.html HTTP/1.1" 200 18037 "http://intranet-if.insa-lyon.fr/temps/4IF41.html" "Mozilla/5.0 (Windows NT 6.0; WOW64) AppleWebKit/537.1 (KHTML, like Gecko) Chrome/21.0.1180.89 Safari/537.1"
192.168.2.183 - - [13/Sep/2012:21:05:50 +0200] "GET /temps/4IF43.html HTTP/1.1" 304 - "http://intranet-if.insa-lyon.fr/temps/4IF42.html" "Mozilla/5.0 (Windows NT 6.0; WOW64) AppleWebKit/537.1 (KHTML, like Gecko) Chrome/21.0.1180.89 Safari/537.1"
192.168.2.183 - - [13/Sep/2012:21:05:57 +0200] "GET /temps/4IF44.html HTTP/1.1" 200 5207 "http://intranet-if.insa-lyon.fr/temps/4IF43.html" "Mozilla/5.0 (Windows NT 6.0; WOW64) AppleWebKit/537.1 (KHTML, like Gecko) Chrome/21.0.1180.89 Safari/537.1"
192.168.2.183 - - [13/Sep/2012:21:06:01 +0200] "GET /temps/4IF45.html HTTP/1.1" 200 17701 "http://intranet-if.insa-lyon.fr/temps/4IF44.html" "Mozilla/5.0 (Windows NT 6.0; WOW64) AppleWebKit/537.1 (KHTML, like Gecko) Chrome/21.0.1180.89 Safari/537.1"
192.168.2.183 - - [13/Sep/2012:21:06:07 +0200] "GET /temps/4IF46.html HTTP/1.1" 200 16963 "http://intranet-if.insa-lyon.fr/temps/4IF45.html" "Mozilla/5.0 (Windows NT 6.0; WOW64) AppleWebKit/537.1 (KHTML, like Gecko) Chrome/21.0.1180.89 Safari/537.1"
192.168.2.183 - - [13/Sep/2012:21:06:12 +0200] "GET /temps/4IF47.html HTTP/1.1" 200 16572 "http://intranet-if.insa-lyon.fr/temps/4IF46.html" "Mozilla/5.0 (Windows NT 6.0; WOW64) AppleWebKit/537.1 (KHTML, like Gecko) Chrome/21.0.1180.89 Safari/537.1"
192.168.0.5 - - [13/Sep/2012:21:06:17 +0200] "GET /temps/3IF1.ics HTTP/1.1" 304 - "-" "DataAccess/1.0 (8C148)"
192.168.2.183 - - [13/Sep/2012:21:06:18 +0200] "GET /temps/4IF48.html HTTP/1.1" 200 17454 "http://intranet-if.insa-lyon.fr/temps/4IF47.html" "Mozilla/5.0 (Windows NT 6.0; WOW64) AppleWebKit/537.1 (KHTML, like Gecko) Chrome/21.0.1180.89 Safari/537.1"
192.168.2.183 - - [13/Sep/2012:21:06:25 +0200] "GET /temps/4IF49.html HTTP/1.1" 200 20025 "http://intranet-if.insa-lyon.fr/temps/4IF48.html" "Mozilla/5.0 (Windows NT 6.0; WOW64) AppleWebKit/537.1 (KHTML, like Gecko) Chrome/21.0.1180.89 Safari/537.1"
192.168.2.183 - - [13/Sep/2012:21:06:32 +0200] "GET /temps/4IF50.html HTTP/1.1" 200 20052 "http://intranet-if.insa-lyon.fr/temps/4IF49.html" "Mozilla/5.0 (Windows NT 6.0; WOW64) AppleWebKit/537.1 (KHTML, like Gecko) Chrome/21.0.1180.89 Safari/537.1"
192.168.2.183 - - [13/Sep/2012:21:06:44 +0200] "GET /temps/4IF51.html HTTP/1.1" 200 17402 "http://intranet-if.insa-lyon.fr/temps/4IF50.html" "Mozilla/5.0 (Windows NT 6.0; WOW64) AppleWebKit/537.1 (KHTML, like Gecko) Chrome/21.0.1180.89 Safari/537.1"
192.168.2.183 - - [13/Sep/2012:21:06:50 +0200] "GET /temps/4IF52.html HTTP/1.1" 200 5193 "http://intranet-if.insa-lyon.fr/temps/4IF51.html" "Mozilla/5.0 (Windows NT 6.0; WOW64) AppleWebKit/537.1 (KHTML, like Gecko) Chrome/21.0.1180.89 Safari/537.1"
192.168.2.183 - - [13/Sep/2012:21:06:56 +0200] "GET /temps/4IF1.html HTTP/1.1" 200 5211 "http://intranet-if.insa-lyon.fr/temps/4IF52.html" "Mozilla/5.0 (Windows NT 6.0; WOW64) AppleWebKit/537.1 (KHTML, like Gecko) Chrome/21.0.1180.89 Safari/537.1"
192.168.2.183 - - [13/Sep/2012:21:07:19 +0200] "GET /temps/4IF2.html HTTP/1.1" 200 19977 "http://intranet-if.insa-lyon.fr/temps/4IF1.html" "Mozilla/5.0 (Windows NT 6.0; WOW64) AppleWebKit/537.1 (KHTML, like Gecko) Chrome/21.0.1180.89 Safari/537.1"
192.168.2.183 - - [13/Sep/2012:21:07:39 +0200] "GET /temps/4IF3.html HTTP/1.1" 200 19502 "http://intranet-if.insa-lyon.fr/temps/4IF2.html" "Mozilla/5.0 (Windows NT 6.0; WOW64) AppleWebKit/537.1 (KHTML, like Gecko) Chrome/21.0.1180.89 Safari/537.1"
192.168.2.183 - - [13/Sep/2012:21:07:47 +0200] "GET /temps/4IF4.html HTTP/1.1" 200 19366 "http://intranet-if.insa-lyon.fr/temps/4IF3.html" "Mozilla/5.0 (Windows NT 6.0; WOW64) AppleWebKit/537.1 (KHTML, like Gecko) Chrome/21.0.1180.89 Safari/537.1"
192.168.0.110 - - [13/Sep/2012:21:08:18 +0200] "GET /temps/3IF1.ics HTTP/1.1" 304 - "-" "iOS/5.1.1 (9B208) dataaccessd/1.0"
192.168.2.183 - - [13/Sep/2012:21:08:23 +0200] "GET /temps/4IF5.html HTTP/1.1" 200 19488 "http://intranet-if.insa-lyon.fr/temps/4IF4.html" "Mozilla/5.0 (Windows NT 6.0; WOW64) AppleWebKit/537.1 (KHTML, like Gecko) Chrome/21.0.1180.89 Safari/537.1"
192.168.1.8 - - [13/Sep/2012:21:09:07 +0200] "GET /SiteWebIF/Intranet-etudiant.php HTTP/1.1" 302 477 "-" "Mozilla/5.0 (Windows NT 6.1; WOW64; rv:12.0) Gecko/20100101 Firefox/12.0"
192.168.1.8 - - [13/Sep/2012:21:09:15 +0200] "GET /SiteWebIF/Intranet-etudiant.php?ticket=ST-22179-5FatCAcTjlbBsCJ7maNC-dsi-vm03 HTTP/1.1" 302 - "-" "Mozilla/5.0 (Windows NT 6.1; WOW64; rv:12.0) Gecko/20100101 Firefox/12.0"
192.168.1.8 - - [13/Sep/2012:21:09:15 +0200] "GET /SiteWebIF/Intranet-etudiant.php HTTP/1.1" 200 3794 "-" "Mozilla/5.0 (Windows NT 6.1; WOW64; rv:12.0) Gecko/20100101 Firefox/12.0"
192.168.1.8 - - [13/Sep/2012:21:09:15 +0200] "GET /stages/style_pfe.css HTTP/1.1" 200 895 "http://intranet-if.insa-lyon.fr/SiteWebIF/Intranet-etudiant.php" "Mozilla/5.0 (Windows NT 6.1; WOW64; rv:12.0) Gecko/20100101 Firefox/12.0"
192.168.1.8 - - [13/Sep/2012:21:09:15 +0200] "GET /stages/InsaIF.ico HTTP/1.1" 200 766 "-" "Mozilla/5.0 (Windows NT 6.1; WOW64; rv:12.0) Gecko/20100101 Firefox/12.0"
192.168.1.8 - - [13/Sep/2012:21:09:15 +0200] "GET /stages/FondInsa.jpg HTTP/1.1" 200 2828 "http://intranet-if.insa-lyon.fr/stages/style_pfe.css" "Mozilla/5.0 (Windows NT 6.1; WOW64; rv:12.0) Gecko/20100101 Firefox/12.0"
192.168.1.8 - - [13/Sep/2012:21:09:15 +0200] "GET /stages/bandeauFinal.jpg HTTP/1.1" 200 50390 "http://intranet-if.insa-lyon.fr/SiteWebIF/Intranet-etudiant.php" "Mozilla/5.0 (Windows NT 6.1; WOW64; rv:12.0) Gecko/20100101 Firefox/12.0"
192.168.1.8 - - [13/Sep/2012:21:09:18 +0200] "GET /SiteWebIF/Intranet-personnel.php HTTP/1.1" 200 61 "-" "Mozilla/5.0 (Windows NT 6.1; WOW64; rv:12.0) Gecko/20100101 Firefox/12.0"
192.168.1.8 - - [13/Sep/2012:21:09:18 +0200] "GET /favicon.ico HTTP/1.1" 200 1700 "-" "Mozilla/5.0 (Windows NT 6.1; WOW64; rv:12.0) Gecko/20100101 Firefox/12.0"
192.168.1.8 - - [13/Sep/2012:21:09:21 +0200] "GET /temps/ HTTP/1.1" 200 6835 "http://intranet-if.insa-lyon.fr/SiteWebIF/Intranet-etudiant.php" "Mozilla/5.0 (Windows NT 6.1; WOW64; rv:12.0) Gecko/20100101 Firefox/12.0"
192.168.1.8 - - [13/Sep/2012:21:09:21 +0200] "GET /temps/style_emploi_du_temps.css HTTP/1.1" 200 1216 "http://intranet-if.insa-lyon.fr/temps/" "Mozilla/5.0 (Windows NT 6.1; WOW64; rv:12.0) Gecko/20100101 Firefox/12.0"
192.168.1.8 - - [13/Sep/2012:21:09:21 +0200] "GET /temps/InsaIF.ico HTTP/1.1" 200 766 "-" "Mozilla/5.0 (Windows NT 6.1; WOW64; rv:12.0) Gecko/20100101 Firefox/12.0"
192.168.1.8 - - [13/Sep/2012:21:09:21 +0200] "GET /temps/FondInsa.jpg HTTP/1.1" 200 2828 "http://intranet-if.insa-lyon.fr/temps/style_emploi_du_temps.css" "Mozilla/5.0 (Windows NT 6.1; WOW64; rv:12.0) Gecko/20100101 Firefox/12.0"
192.168.3.192 - - [13/Sep/2012:21:09:24 +0200] "GET /temps/3IF1.ics HTTP/1.1" 304 - "-" "Evolution/3.2.3"
192.168.1.8 - - [13/Sep/2012:21:09:24 +0200] "GET /temps/3IF37.html HTTP/1.1" 200 17269 "http://intranet-if.insa-lyon.fr/temps/" "Mozilla/5.0 (Windows NT 6.1; WOW64; rv:12.0) Gecko/20100101 Firefox/12.0"
192.168.1.8 - - [13/Sep/2012:21:09:24 +0200] "GET /temps/precedent.gif HTTP/1.1" 200 1906 "http://intranet-if.insa-lyon.fr/temps/3IF37.html" "Mozilla/5.0 (Windows NT 6.1; WOW64; rv:12.0) Gecko/20100101 Firefox/12.0"
192.168.1.8 - - [13/Sep/2012:21:09:24 +0200] "GET /temps/choix.gif HTTP/1.1" 200 2836 "http://intranet-if.insa-lyon.fr/temps/3IF37.html" "Mozilla/5.0 (Windows NT 6.1; WOW64; rv:12.0) Gecko/20100101 Firefox/12.0"
192.168.1.8 - - [13/Sep/2012:21:09:24 +0200] "GET /temps/suivant.gif HTTP/1.1" 200 1634 "http://intranet-if.insa-lyon.fr/temps/3IF37.html" "Mozilla/5.0 (Windows NT 6.1; WOW64; rv:12.0) Gecko/20100101 Firefox/12.0"
192.168.3.177 - - [13/Sep/2012:21:09:30 +0200] "GET /temps/4IF1.ics HTTP/1.1" 304 - "-" "iOS/5.1.1 (9B208) dataaccessd/1.0"
192.168.0.7 - - [13/Sep/2012:21:20:15 +0200] "GET /temps/SB.ics HTTP/1.1" 200 17396 "-" "Mozilla/5.0 (compatible; Googlebot/2.1; +http://www.google.com/bot.html)"
192.168.0.7 - - [13/Sep/2012:21:21:03 +0200] "GET /temps/2FC51.html HTTP/1.1" 200 6099 "-" "Mozilla/5.0 (compatible; Googlebot/2.1; +http://www.google.com/bot.html)"
192.168.0.110 - - [13/Sep/2012:21:21:13 +0200] "GET /temps/3IF1.ics HTTP/1.1" 200 117743 "-" "iOS/5.1.1 (9B208) dataaccessd/1.0"
192.168.0.5 - - [13/Sep/2012:21:21:17 +0200] "GET /temps/3IF1.ics HTTP/1.1" 304 - "-" "DataAccess/1.0 (8C148)"
192.168.3.177 - - [13/Sep/2012:21:23:20 +0200] "GET /temps/4IF1.ics HTTP/1.1" 304 - "-" "iOS/5.1.1 (9B208) dataaccessd/1.0"
192.168.0.32 - - [13/Sep/2012:21:23:34 +0200] "GET /temps/4IF1.ics HTTP/1.1" 200 78480 "-" "Mozilla/4.0 (compatible; MSIE 7.0; Windows NT 6.0)"
192.168.3.196 - - [13/Sep/2012:21:23:55 +0200] "GET /temps/PL.ics HTTP/1.1" 200 10935 "-" "CalendarStore/5.0.3 (1204.1); iCal/5.0.3 (1605.3); Mac OS X/10.7.4 (11E53)"
192.168.3.198 - - [13/Sep/2012:21:24:14 +0200] "GET /notesif/RSS/RSS_3IF.xml HTTP/1.1" 200 95847 "-" "Feedfetcher-Google; (+http://www.google.com/feedfetcher.html; 2 subscribers; feed-id=16425187501328177924)"
192.168.3.203 - - [13/Sep/2012:21:25:27 +0200] "GET /temps/3IF37.html HTTP/1.1" 304 - "-" "Mozilla/5.0 (Linux; U; Android 4.0.4; fr-fr; GT-I9100 Build/cMIUI) AppleWebKit/534.30 (KHTML, like Gecko) Version/4.0 Mobile Safari/534.30"
192.168.0.94 - - [13/Sep/2012:21:27:27 +0200] "GET /SiteWebIF/Intranet-etudiant.php HTTP/1.0" 302 477 "http://if.insa-lyon.fr/" "Opera/9.80 (Windows NT 6.1; WOW64; U; fr) Presto/2.10.289 Version/12.02"
192.168.0.94 - - [13/Sep/2012:21:27:28 +0200] "GET /SiteWebIF/Intranet-etudiant.php?ticket=ST-23924-EcFhGAUO4bVMi0g7cgBz-dsi-vm04 HTTP/1.0" 302 - "http://if.insa-lyon.fr/" "Opera/9.80 (Windows NT 6.1; WOW64; U; fr) Presto/2.10.289 Version/12.02"
192.168.0.94 - - [13/Sep/2012:21:27:28 +0200] "GET /SiteWebIF/Intranet-etudiant.php HTTP/1.0" 200 3806 "http://if.insa-lyon.fr/" "Opera/9.80 (Windows NT 6.1; WOW64; U; fr) Presto/2.10.289 Version/12.02"
192.168.0.94 - - [13/Sep/2012:21:27:28 +0200] "GET /favicon.ico HTTP/1.0" 200 1700 "http://intranet-if.insa-lyon.fr/SiteWebIF/Intranet-etudiant.php" "Opera/9.80 (Windows NT 6.1; WOW64; U; fr) Presto/2.10.289 Version/12.02"
192.168.2.148 - - [11/Sep/2012:16:34:13 +0200] "GET /temps/3IF15.html HTTP/1.1" 200 24605 "http://intranet-if.insa-lyon.fr/temps/3IF14.html" "Mozilla/5.0 (compatible; MSIE 9.0; Windows NT 6.1; WOW64; Trident/5.0)"
192.168.2.148 - - [11/Sep/2012:16:34:14 +0200] "GET /temps/3IF16.html HTTP/1.1" 200 24198 "http://intranet-if.insa-lyon.fr/temps/3IF15.html" "Mozilla/5.0 (compatible; MSIE 9.0; Windows NT 6.1; WOW64; Trident/5.0)"
192.168.2.148 - - [11/Sep/2012:16:34:14 +0200] "GET /temps/3IF17.html HTTP/1.1" 200 5189 "http://intranet-if.insa-lyon.fr/temps/3IF16.html" "Mozilla/5.0 (compatible; MSIE 9.0; Windows NT 6.1; WOW64; Trident/5.0)"
192.168.2.148 - - [11/Sep/2012:16:34:16 +0200] "GET /temps/3IF18.html HTTP/1.1" 200 5192 "http://intranet-if.insa-lyon.fr/temps/3IF17.html" "Mozilla/5.0 (compatible; MSIE 9.0; Windows NT 6.1; WOW64; Trident/5.0)"
192.168.2.148 - - [11/Sep/2012:16:34:17 +0200] "GET /temps/3IF19.html HTTP/1.1" 200 9043 "http://intranet-if.insa-lyon.fr/temps/3IF18.html" "Mozilla/5.0 (compatible; MSIE 9.0; Windows NT 6.1; WOW64; Trident/5.0)"
192.168.2.148 - - [11/Sep/2012:16:34:25 +0200] "GET /temps/3IF20.html HTTP/1.1" 200 23096 "http://intranet-if.insa-lyon.fr/temps/3IF19.html" "Mozilla/5.0 (compatible; MSIE 9.0; Windows NT 6.1; WOW64; Trident/5.0)"
192.168.0.25 - - [11/Sep/2012:16:35:32 +0200] "GET /temps/3IF1.ics HTTP/1.1" 304 - "-" "DataAccess/1.0 (8C148)"
192.168.1.82 - - [11/Sep/2012:16:35:43 +0200] "GET /notesif/ HTTP/1.1" 302 - "-" "Mozilla/5.0 (Windows NT 5.1) AppleWebKit/537.1 (KHTML, like Gecko) Chrome/21.0.1180.89 Safari/537.1"
192.168.2.148 - - [11/Sep/2012:16:36:30 +0200] "GET /temps/3IF21.html HTTP/1.1" 200 19572 "http://intranet-if.insa-lyon.fr/temps/3IF20.html" "Mozilla/5.0 (compatible; MSIE 9.0; Windows NT 6.1; WOW64; Trident/5.0)"
192.168.2.148 - - [11/Sep/2012:16:36:40 +0200] "GET /temps/3IF22.html HTTP/1.1" 200 14021 "http://intranet-if.insa-lyon.fr/temps/3IF21.html" "Mozilla/5.0 (compatible; MSIE 9.0; Windows NT 6.1; WOW64; Trident/5.0)"
192.168.2.148 - - [11/Sep/2012:16:36:43 +0200] "GET /temps/3IF23.html HTTP/1.1" 200 5178 "http://intranet-if.insa-lyon.fr/temps/3IF22.html" "Mozilla/5.0 (compatible; MSIE 9.0; Windows NT 6.1; WOW64; Trident/5.0)"
192.168.2.148 - - [11/Sep/2012:16:36:45 +0200] "GET /temps/3IF24.html HTTP/1.1" 200 5187 "http://intranet-if.insa-lyon.fr/temps/3IF23.html" "Mozilla/5.0 (compatible; MSIE 9.0; Windows NT 6.1; WOW64; Trident/5.0)"
192.168.2.148 - - [11/Sep/2012:16:36:45 +0200] "GET /temps/3IF25.html HTTP/1.1" 200 5187 "http://intranet-if.insa-lyon.fr/temps/3IF24.html" "Mozilla/5.0 (compatible; MSIE 9.0; Windows NT 6.1; WOW64; Trident/5.0)"
192.168.2.148 - - [11/Sep/2012:16:36:46 +0200] "GET /temps/index.html HTTP/1.1" 200 6835 "http://intranet-if.insa-lyon.fr/temps/3IF25.html" "Mozilla/5.0 (compatible; MSIE 9.0; Windows NT 6.1; WOW64; Trident/5.0)"
192.168.1.82 - - [11/Sep/2012:16:37:38 +0200] "GET /notesif HTTP/1.1" 301 248 "-" "Mozilla/5.0 (Windows NT 5.1) AppleWebKit/537.1 (KHTML, like Gecko) Chrome/21.0.1180.89 Safari/537.1"
192.168.1.82 - - [11/Sep/2012:16:37:38 +0200] "GET /notesif/ HTTP/1.1" 302 - "-" "Mozilla/5.0 (Windows NT 5.1) AppleWebKit/537.1 (KHTML, like Gecko) Chrome/21.0.1180.89 Safari/537.1"
192.168.1.82 - - [11/Sep/2012:16:37:38 +0200] "GET /notesif/ HTTP/1.1" 302 - "-" "Mozilla/5.0 (Windows NT 5.1) AppleWebKit/537.1 (KHTML, like Gecko) Chrome/21.0.1180.89 Safari/537.1"
192.168.1.201 - - [11/Sep/2012:16:41:23 +0200] "GET /temps/4IF1.ics HTTP/1.1" 304 - "-" "iOS/5.1.1 (9B208) dataaccessd/1.0"
192.168.0.59 - - [11/Sep/2012:16:43:59 +0200] "GET /notesif/RSS/RSS_4IF.xml HTTP/1.1" 200 57760 "http://intranet-if.insa-lyon.fr/notesif/RSS/RSS_4IF.xml" "Blogtrottr/2.0"
192.168.1.179 - - [11/Sep/2012:16:44:35 +0200] "GET /SiteWebIF/Intranet-etudiant.php HTTP/1.1" 302 477 "http://if.insa-lyon.fr/" "Mozilla/5.0 (Windows NT 5.1; rv:15.0) Gecko/20100101 Firefox/15.0.1"
192.168.1.179 - - [11/Sep/2012:16:44:37 +0200] "GET /SiteWebIF/Intranet-etudiant.php?ticket=ST-58300-dpLZbskjJOhFThE6UPfd-dsi-vm04 HTTP/1.1" 302 - "http://if.insa-lyon.fr/" "Mozilla/5.0 (Windows NT 5.1; rv:15.0) Gecko/20100101 Firefox/15.0.1"
192.168.1.179 - - [11/Sep/2012:16:44:37 +0200] "GET /SiteWebIF/Intranet-etudiant.php HTTP/1.1" 200 3798 "http://if.insa-lyon.fr/" "Mozilla/5.0 (Windows NT 5.1; rv:15.0) Gecko/20100101 Firefox/15.0.1"
192.168.1.179 - - [11/Sep/2012:16:44:38 +0200] "GET /stages/style_pfe.css HTTP/1.1" 200 895 "http://intranet-if.insa-lyon.fr/SiteWebIF/Intranet-etudiant.php" "Mozilla/5.0 (Windows NT 5.1; rv:15.0) Gecko/20100101 Firefox/15.0.1"
192.168.1.179 - - [11/Sep/2012:16:44:38 +0200] "GET /stages/InsaIF.ico HTTP/1.1" 200 766 "-" "Mozilla/5.0 (Windows NT 5.1; rv:15.0) Gecko/20100101 Firefox/15.0.1"
192.168.1.179 - - [11/Sep/2012:16:44:38 +0200] "GET /stages/bandeauFinal.jpg HTTP/1.1" 200 50390 "http://intranet-if.insa-lyon.fr/SiteWebIF/Intranet-etudiant.php" "Mozilla/5.0 (Windows NT 5.1; rv:15.0) Gecko/20100101 Firefox/15.0.1"
192.168.1.179 - - [11/Sep/2012:16:44:39 +0200] "GET /stages/FondInsa.jpg HTTP/1.1" 200 2828 "http://intranet-if.insa-lyon.fr/stages/style_pfe.css" "Mozilla/5.0 (Windows NT 5.1; rv:15.0) Gecko/20100101 Firefox/15.0.1"
192.168.1.179 - - [11/Sep/2012:16:44:57 +0200] "GET /notesif HTTP/1.1" 301 248 "http://intranet-if.insa-lyon.fr/SiteWebIF/Intranet-etudiant.php" "Mozilla/5.0 (Windows NT 5.1; rv:15.0) Gecko/20100101 Firefox/15.0.1"
192.168.1.179 - - [11/Sep/2012:16:44:57 +0200] "GET /notesif/ HTTP/1.1" 302 - "http://intranet-if.insa-lyon.fr/SiteWebIF/Intranet-etudiant.php" "Mozilla/5.0 (Windows NT 5.1; rv:15.0) Gecko/20100101 Firefox/15.0.1"
192.168.0.55 - - [11/Sep/2012:16:45:00 +0200] "GET /temps/3IF1.ics HTTP/1.1" 304 - "-" "DataAccess/1.0 (8C148)"
192.168.2.149 - - [11/Sep/2012:16:46:09 +0200] "GET /temps/ HTTP/1.1" 200 6835 "-" "Mozilla/5.0 (Macintosh; Intel Mac OS X 10_8_1) AppleWebKit/536.25 (KHTML, like Gecko) Version/6.0 Safari/536.25"
192.168.2.149 - - [11/Sep/2012:16:46:09 +0200] "GET /temps/style_emploi_du_temps.css HTTP/1.1" 200 1216 "http://intranet-if.insa-lyon.fr/temps/" "Mozilla/5.0 (Macintosh; Intel Mac OS X 10_8_1) AppleWebKit/536.25 (KHTML, like Gecko) Version/6.0 Safari/536.25"
192.168.2.149 - - [11/Sep/2012:16:46:09 +0200] "GET /temps/FondInsa.jpg HTTP/1.1" 200 2828 "http://intranet-if.insa-lyon.fr/temps/" "Mozilla/5.0 (Macintosh; Intel Mac OS X 10_8_1) AppleWebKit/536.25 (KHTML, like Gecko) Version/6.0 Safari/536.25"
192.168.2.149 - - [11/Sep/2012:16:46:09 +0200] "GET /temps/InsaIF.ico HTTP/1.1" 200 766 "http://intranet-if.insa-lyon.fr/temps/" "Mozilla/5.0 (Macintosh; Intel Mac OS X 10_8_1) AppleWebKit/536.25 (KHTML, like Gecko) Version/6.0 Safari/536.25"
192.168.2.149 - - [11/Sep/2012:16:46:12 +0200] "GET /temps/3IF37.html HTTP/1.1" 200 17269 "http://intranet-if.insa-lyon.fr/temps/" "Mozilla/5.0 (Macintosh; Intel Mac OS X 10_8_1) AppleWebKit/536.25 (KHTML, like Gecko) Version/6.0 Safari/536.25"
192.168.2.149 - - [11/Sep/2012:16:46:12 +0200] "GET /temps/suivant.gif HTTP/1.1" 200 1634 "http://intranet-if.insa-lyon.fr/temps/3IF37.html" "Mozilla/5.0 (Macintosh; Intel Mac OS X 10_8_1) AppleWebKit/536.25 (KHTML, like Gecko) Version/6.0 Safari/536.25"
192.168.2.149 - - [11/Sep/2012:16:46:12 +0200] "GET /temps/choix.gif HTTP/1.1" 200 2836 "http://intranet-if.insa-lyon.fr/temps/3IF37.html" "Mozilla/5.0 (Macintosh; Intel Mac OS X 10_8_1) AppleWebKit/536.25 (KHTML, like Gecko) Version/6.0 Safari/536.25"
192.168.2.149 - - [11/Sep/2012:16:46:12 +0200] "GET /temps/precedent.gif HTTP/1.1" 200 1906 "http://intranet-if.insa-lyon.fr/temps/3IF37.html" "Mozilla/5.0 (Macintosh; Intel Mac OS X 10_8_1) AppleWebKit/536.25 (KHTML, like Gecko) Version/6.0 Safari/536.25"
192.168.2.149 - - [11/Sep/2012:16:46:14 +0200] "GET /temps/3IF38.html HTTP/1.1" 200 21722 "http://intranet-if.insa-lyon.fr/temps/3IF37.html" "Mozilla/5.0 (Macintosh; Intel Mac OS X 10_8_1) AppleWebKit/536.25 (KHTML, like Gecko) Version/6.0 Safari/536.25"
192.168.2.149 - - [11/Sep/2012:16:46:15 +0200] "GET /temps/3IF39.html HTTP/1.1" 200 22495 "http://intranet-if.insa-lyon.fr/temps/3IF38.html" "Mozilla/5.0 (Macintosh; Intel Mac OS X 10_8_1) AppleWebKit/536.25 (KHTML, like Gecko) Version/6.0 Safari/536.25"
192.168.2.148 - - [11/Sep/2012:16:46:55 +0200] "GET /temps/4IF37.html HTTP/1.1" 200 5197 "-" "Mozilla/5.0 (compatible; MSIE 9.0; Windows NT 6.1; WOW64; Trident/5.0)"
192.168.2.148 - - [11/Sep/2012:16:47:01 +0200] "GET /temps/4IF38.html HTTP/1.1" 200 15555 "-" "Mozilla/5.0 (compatible; MSIE 9.0; Windows NT 6.1; WOW64; Trident/5.0)"
192.168.1.98 - - [11/Sep/2012:16:47:51 +0200] "GET /notes HTTP/1.1" 404 203 "-" "Mozilla/5.0 (Windows NT 5.1; rv:13.0) Gecko/20100101 Firefox/13.0.1"
192.168.2.148 - - [11/Sep/2012:16:48:00 +0200] "GET /temps/4IF39.html HTTP/1.1" 200 17278 "http://intranet-if.insa-lyon.fr/temps/4IF38.html" "Mozilla/5.0 (compatible; MSIE 9.0; Windows NT 6.1; WOW64; Trident/5.0)"
192.168.1.179 - - [11/Sep/2012:16:48:32 +0200] "GET /SiteWebIF/Intranet-etudiant.php HTTP/1.1" 302 477 "http://if.insa-lyon.fr/" "Mozilla/5.0 (Windows; U; Windows NT 5.1; en-US) AppleWebKit/533.4 (KHTML, like Gecko) Chrome/5.0.375.86 Safari/533.4"
192.168.1.179 - - [11/Sep/2012:16:48:40 +0200] "GET /SiteWebIF/Intranet-etudiant.php?ticket=ST-58370-qwYe5AZENIaaJYrbyHpx-dsi-vm04 HTTP/1.1" 302 - "-" "Mozilla/5.0 (Windows; U; Windows NT 5.1; en-US) AppleWebKit/533.4 (KHTML, like Gecko) Chrome/5.0.375.86 Safari/533.4"
192.168.1.179 - - [11/Sep/2012:16:48:40 +0200] "GET /SiteWebIF/Intranet-etudiant.php HTTP/1.1" 200 3798 "-" "Mozilla/5.0 (Windows; U; Windows NT 5.1; en-US) AppleWebKit/533.4 (KHTML, like Gecko) Chrome/5.0.375.86 Safari/533.4"
192.168.1.179 - - [11/Sep/2012:16:48:41 +0200] "GET /stages/style_pfe.css HTTP/1.1" 200 895 "http://intranet-if.insa-lyon.fr/SiteWebIF/Intranet-etudiant.php" "Mozilla/5.0 (Windows; U; Windows NT 5.1; en-US) AppleWebKit/533.4 (KHTML, like Gecko) Chrome/5.0.375.86 Safari/533.4"
192.168.1.179 - - [11/Sep/2012:16:48:41 +0200] "GET /stages/bandeauFinal.jpg HTTP/1.1" 200 50390 "http://intranet-if.insa-lyon.fr/SiteWebIF/Intranet-etudiant.php" "Mozilla/5.0 (Windows; U; Windows NT 5.1; en-US) AppleWebKit/533.4 (KHTML, like Gecko) Chrome/5.0.375.86 Safari/533.4"
192.168.1.179 - - [11/Sep/2012:16:48:42 +0200] "GET /stages/FondInsa.jpg HTTP/1.1" 200 2828 "http://intranet-if.insa-lyon.fr/SiteWebIF/Intranet-etudiant.php" "Mozilla/5.0 (Windows; U; Windows NT 5.1; en-US) AppleWebKit/533.4 (KHTML, like Gecko) Chrome/5.0.375.86 Safari/533.4"
192.168.1.179 - - [11/Sep/2012:16:48:43 +0200] "GET /notesif HTTP/1.1" 301 248 "http://intranet-if.insa-lyon.fr/SiteWebIF/Intranet-etudiant.php" "Mozilla/5.0 (Windows; U; Windows NT 5.1; en-US) AppleWebKit/533.4 (KHTML, like Gecko) Chrome/5.0.375.86 Safari/533.4"
192.168.1.179 - - [11/Sep/2012:16:48:43 +0200] "GET /notesif/ HTTP/1.1" 302 - "http://intranet-if.insa-lyon.fr/SiteWebIF/Intranet-etudiant.php" "Mozilla/5.0 (Windows; U; Windows NT 5.1; en-US) AppleWebKit/533.4 (KHTML, like Gecko) Chrome/5.0.375.86 Safari/533.4"
192.168.1.179 - - [11/Sep/2012:16:48:43 +0200] "GET /stages/InsaIF.ico HTTP/1.1" 200 766 "-" "Mozilla/5.0 (Windows; U; Windows NT 5.1; en-US) AppleWebKit/533.4 (KHTML, like Gecko) Chrome/5.0.375.86 Safari/533.4"
192.168.2.56 - - [11/Sep/2012:16:49:37 +0200] "GET /temps/4IF4.ics HTTP/1.1" 200 78500 "-" "DataAccess/1.0 (8J2)"
192.168.2.150 - - [11/Sep/2012:16:50:01 +0200] "GET /SiteWebIF/Intranet-etudiant.php HTTP/1.1" 302 477 "-" "Mozilla/5.0 (Linux; U; Android 4.0.3; fr-fr; GT-I9100P-ORANGE/I9100PBVLP8 Build/IML74K) AppleWebKit/534.30 (KHTML, like Gecko) Version/4.0 Mobile Safari/534.30"
192.168.2.150 - - [11/Sep/2012:16:50:21 +0200] "GET /SiteWebIF/Intranet-etudiant.php?ticket=ST-381479-b6VPobWtem05FBrpAl1J-dsi-vm03 HTTP/1.1" 302 - "-" "Mozilla/5.0 (Linux; U; Android 4.0.3; fr-fr; GT-I9100P-ORANGE/I9100PBVLP8 Build/IML74K) AppleWebKit/534.30 (KHTML, like Gecko) Version/4.0 Mobile Safari/534.30"
192.168.2.150 - - [11/Sep/2012:16:50:22 +0200] "GET /SiteWebIF/Intranet-etudiant.php HTTP/1.1" 200 3795 "-" "Mozilla/5.0 (Linux; U; Android 4.0.3; fr-fr; GT-I9100P-ORANGE/I9100PBVLP8 Build/IML74K) AppleWebKit/534.30 (KHTML, like Gecko) Version/4.0 Mobile Safari/534.30"
192.168.2.150 - - [11/Sep/2012:16:50:28 +0200] "GET /stages/ListePFE.php HTTP/1.1" 200 350374 "http://intranet-if.insa-lyon.fr/SiteWebIF/Intranet-etudiant.php" "Mozilla/5.0 (Linux; U; Android 4.0.3; fr-fr; GT-I9100P-ORANGE/I9100PBVLP8 Build/IML74K) AppleWebKit/534.30 (KHTML, like Gecko) Version/4.0 Mobile Safari/534.30"
192.168.2.150 - - [11/Sep/2012:16:50:39 +0200] "GET /SiteWebIF/Intranet-etudiant.php?ticket=ST-381484-N2zHdh0fERYzrpwhvUy9-dsi-vm03 HTTP/1.1" 302 - "-" "Mozilla/5.0 (Linux; U; Android 4.0.3; fr-fr; GT-I9100P-ORANGE/I9100PBVLP8 Build/IML74K) AppleWebKit/534.30 (KHTML, like Gecko) Version/4.0 Mobile Safari/534.30"
192.168.2.150 - - [11/Sep/2012:16:50:40 +0200] "GET /SiteWebIF/Intranet-etudiant.php HTTP/1.1" 200 1815 "-" "Mozilla/5.0 (Linux; U; Android 4.0.3; fr-fr; GT-I9100P-ORANGE/I9100PBVLP8 Build/IML74K) AppleWebKit/534.30 (KHTML, like Gecko) Version/4.0 Mobile Safari/534.30"
192.168.2.148 - - [11/Sep/2012:16:51:08 +0200] "GET /temps/4IF40.html HTTP/1.1" 200 19097 "http://intranet-if.insa-lyon.fr/temps/4IF39.html" "Mozilla/5.0 (compatible; MSIE 9.0; Windows NT 6.1; WOW64; Trident/5.0)"
192.168.2.148 - - [11/Sep/2012:16:51:09 +0200] "GET /temps/4IF41.html HTTP/1.1" 200 17673 "http://intranet-if.insa-lyon.fr/temps/4IF40.html" "Mozilla/5.0 (compatible; MSIE 9.0; Windows NT 6.1; WOW64; Trident/5.0)"
192.168.2.148 - - [11/Sep/2012:16:51:09 +0200] "GET /temps/4IF42.html HTTP/1.1" 200 18037 "http://intranet-if.insa-lyon.fr/temps/4IF41.html" "Mozilla/5.0 (compatible; MSIE 9.0; Windows NT 6.1; WOW64; Trident/5.0)"
192.168.2.148 - - [11/Sep/2012:16:51:13 +0200] "GET /temps/4IF43.html HTTP/1.1" 200 17772 "http://intranet-if.insa-lyon.fr/temps/4IF42.html" "Mozilla/5.0 (compatible; MSIE 9.0; Windows NT 6.1; WOW64; Trident/5.0)"
192.168.1.107 - - [11/Sep/2012:16:51:15 +0200] "GET /SiteWebIF/Intranet-etudiant.php HTTP/1.1" 200 1815 "http://if.insa-lyon.fr/" "Opera/9.80 (Windows NT 5.1; U; fr) Presto/2.10.289 Version/12.01"
192.168.1.107 - - [11/Sep/2012:16:51:16 +0200] "GET /notesif HTTP/1.1" 301 248 "http://intranet-if.insa-lyon.fr/SiteWebIF/Intranet-etudiant.php" "Opera/9.80 (Windows NT 5.1; U; fr) Presto/2.10.289 Version/12.01"
192.168.1.107 - - [11/Sep/2012:16:51:16 +0200] "GET /notesif/ HTTP/1.1" 302 - "http://intranet-if.insa-lyon.fr/SiteWebIF/Intranet-etudiant.php" "Opera/9.80 (Windows NT 5.1; U; fr) Presto/2.10.289 Version/12.01"
192.168.2.148 - - [11/Sep/2012:16:51:22 +0200] "GET /temps/4IF44.html HTTP/1.1" 200 5207 "http://intranet-if.insa-lyon.fr/temps/4IF43.html" "Mozilla/5.0 (compatible; MSIE 9.0; Windows NT 6.1; WOW64; Trident/5.0)"
192.168.2.148 - - [11/Sep/2012:16:51:24 +0200] "GET /temps/4IF45.html HTTP/1.1" 200 17701 "http://intranet-if.insa-lyon.fr/temps/4IF44.html" "Mozilla/5.0 (compatible; MSIE 9.0; Windows NT 6.1; WOW64; Trident/5.0)"
192.168.2.148 - - [11/Sep/2012:16:51:25 +0200] "GET /temps/4IF46.html HTTP/1.1" 200 16963 "http://intranet-if.insa-lyon.fr/temps/4IF45.html" "Mozilla/5.0 (compatible; MSIE 9.0; Windows NT 6.1; WOW64; Trident/5.0)"
192.168.2.148 - - [11/Sep/2012:16:51:27 +0200] "GET /temps/4IF47.html HTTP/1.1" 200 16572 "http://intranet-if.insa-lyon.fr/temps/4IF46.html" "Mozilla/5.0 (compatible; MSIE 9.0; Windows NT 6.1; WOW64; Trident/5.0)"
192.168.2.148 - - [11/Sep/2012:16:51:30 +0200] "GET /temps/4IF48.html HTTP/1.1" 200 17454 "http://intranet-if.insa-lyon.fr/temps/4IF47.html" "Mozilla/5.0 (compatible; MSIE 9.0; Windows NT 6.1; WOW64; Trident/5.0)"
192.168.0.11 - - [24/Sep/2012:08:41:36 +0200] "GET /SiteWebIF/Intranet-etudiant.php?ticket=ST-70668-zmxToiIoChH5hvtOwmzX-dsi-vm04 HTTP/1.1" 302 - "-" "Mozilla/5.0 (Windows NT 6.1; WOW64) AppleWebKit/537.12 (KHTML, like Gecko) Chrome/24.0.1276.0 Safari/537.12"
192.168.0.11 - - [24/Sep/2012:08:41:36 +0200] "GET /SiteWebIF/Intranet-etudiant.php HTTP/1.1" 200 3788 "-" "Mozilla/5.0 (Windows NT 6.1; WOW64) AppleWebKit/537.12 (KHTML, like Gecko) Chrome/24.0.1276.0 Safari/537.12"
192.168.0.11 - - [24/Sep/2012:08:41:36 +0200] "GET /stages/style_pfe.css HTTP/1.1" 200 895 "http://intranet-if.insa-lyon.fr/SiteWebIF/Intranet-etudiant.php" "Mozilla/5.0 (Windows NT 6.1; WOW64) AppleWebKit/537.12 (KHTML, like Gecko) Chrome/24.0.1276.0 Safari/537.12"
192.168.0.11 - - [24/Sep/2012:08:41:37 +0200] "GET /stages/FondInsa.jpg HTTP/1.1" 200 2828 "http://intranet-if.insa-lyon.fr/SiteWebIF/Intranet-etudiant.php" "Mozilla/5.0 (Windows NT 6.1; WOW64) AppleWebKit/537.12 (KHTML, like Gecko) Chrome/24.0.1276.0 Safari/537.12"
192.168.0.11 - - [24/Sep/2012:08:41:36 +0200] "GET /stages/bandeauFinal.jpg HTTP/1.1" 200 50390 "http://intranet-if.insa-lyon.fr/SiteWebIF/Intranet-etudiant.php" "Mozilla/5.0 (Windows NT 6.1; WOW64) AppleWebKit/537.12 (KHTML, like Gecko) Chrome/24.0.1276.0 Safari/537.12"
192.168.0.11 - - [24/Sep/2012:08:41:38 +0200] "GET /notesif HTTP/1.1" 301 248 "http://intranet-if.insa-lyon.fr/SiteWebIF/Intranet-etudiant.php" "Mozilla/5.0 (Windows NT 6.1; WOW64) AppleWebKit/537.12 (KHTML, like Gecko) Chrome/24.0.1276.0 Safari/537.12"
192.168.0.11 - - [24/Sep/2012:08:41:38 +0200] "GET /notesif/ HTTP/1.1" 302 - "http://intranet-if.insa-lyon.fr/SiteWebIF/Intranet-etudiant.php" "Mozilla/5.0 (Windows NT 6.1; WOW64) AppleWebKit/537.12 (KHTML, like Gecko) Chrome/24.0.1276.0 Safari/537.12"
192.168.2.177 - - [24/Sep/2012:08:41:56 +0200] "GET /SiteWebIF/Intranet-etudiant.php HTTP/1.1" 302 477 "-" "Mozilla/5.0 (Windows NT 6.1; WOW64) AppleWebKit/537.1 (KHTML, like Gecko) Chrome/21.0.1180.89 Safari/537.1"
192.168.6.15 - - [24/Sep/2012:08:42:00 +0200] "GET /temps/index.html HTTP/1.1" 200 6835 "http://intranet-if.insa-lyon.fr/temps/5IF39.html" "Mozilla/5.0 (Linux; Android 4.1.1; Galaxy Nexus Build/JRO03C) AppleWebKit/535.19 (KHTML, like Gecko) Chrome/18.0.1025.166 Mobile Safari/535.19"
192.168.6.15 - - [24/Sep/2012:08:42:01 +0200] "GET /apple-touch-icon-precomposed.png HTTP/1.1" 404 230 "-" "Mozilla/5.0 (Linux; Android 4.1.1; Galaxy Nexus Build/JRO03C) AppleWebKit/535.19 (KHTML, like Gecko) Chrome/18.0.1025.166 Mobile Safari/535.19"
192.168.6.15 - - [24/Sep/2012:08:42:01 +0200] "GET /apple-touch-icon.png HTTP/1.1" 404 218 "-" "Mozilla/5.0 (Linux; Android 4.1.1; Galaxy Nexus Build/JRO03C) AppleWebKit/535.19 (KHTML, like Gecko) Chrome/18.0.1025.166 Mobile Safari/535.19"
192.168.9.207 - - [30/Sep/2012:14:50:08 +0200] "GET /temps/precedent.gif HTTP/1.1" 200 1906 "http://intranet-if.insa-lyon.fr/temps/5IF40.html" "Mozilla/5.0 (Windows NT 6.1; WOW64) AppleWebKit/535.11 (KHTML, like Gecko) Chrome/17.0.963.83 Safari/535.11"
192.168.9.207 - - [30/Sep/2012:14:50:08 +0200] "GET /temps/choix.gif HTTP/1.1" 200 2836 "http://intranet-if.insa-lyon.fr/temps/5IF40.html" "Mozilla/5.0 (Windows NT 6.1; WOW64) AppleWebKit/535.11 (KHTML, like Gecko) Chrome/17.0.963.83 Safari/535.11"
192.168.9.207 - - [30/Sep/2012:14:50:08 +0200] "GET /temps/suivant.gif HTTP/1.1" 200 1634 "http://intranet-if.insa-lyon.fr/temps/5IF40.html" "Mozilla/5.0 (Windows NT 6.1; WOW64) AppleWebKit/535.11 (KHTML, like Gecko) Chrome/17.0.963.83 Safari/535.11"
192.168.4.119 - - [30/Sep/2012:14:51:56 +0200] "GET /temps/3IF3.ics HTTP/1.1" 304 - "-" "iOS/6.0 (10A403) dataaccessd/1.0"
192.168.2.97 - - [30/Sep/2012:14:57:17 +0200] "GET /temps/4IF39.html HTTP/1.1" 200 16669 "-" "Mozilla/5.0 (Macintosh; Intel Mac OS X 10_7_5) AppleWebKit/536.25 (KHTML, like Gecko) Version/6.0 Safari/536.25"
192.168.2.97 - - [30/Sep/2012:14:57:17 +0200] "GET /temps/style_emploi_du_temps.css HTTP/1.1" 200 1216 "http://intranet-if.insa-lyon.fr/temps/4IF39.html" "Mozilla/5.0 (Macintosh; Intel Mac OS X 10_7_5) AppleWebKit/536.25 (KHTML, like Gecko) Version/6.0 Safari/536.25"
192.168.2.97 - - [30/Sep/2012:14:57:17 +0200] "GET /temps/suivant.gif HTTP/1.1" 200 1634 "http://intranet-if.insa-lyon.fr/temps/4IF39.html" "Mozilla/5.0 (Macintosh; Intel Mac OS X 10_7_5) AppleWebKit/536.25 (KHTML, like Gecko) Version/6.0 Safari/536.25"
192.168.2.97 - - [30/Sep/2012:14:57:17 +0200] "GET /temps/precedent.gif HTTP/1.1" 200 1906 "http://intranet-if.insa-lyon.fr/temps/4IF39.html" "Mozilla/5.0 (Macintosh; Intel Mac OS X 10_7_5) AppleWebKit/536.25 (KHTML, like Gecko) Version/6.0 Safari/536.25"
192.168.2.97 - - [30/Sep/2012:14:57:17 +0200] "GET /temps/choix.gif HTTP/1.1" 200 2836 "http://intranet-if.insa-lyon.fr/temps/4IF39.html" "Mozilla/5.0 (Macintosh; Intel Mac OS X 10_7_5) AppleWebKit/536.25 (KHTML, like Gecko) Version/6.0 Safari/536.25"
192.168.2.97 - - [30/Sep/2012:14:57:17 +0200] "GET /temps/FondInsa.jpg HTTP/1.1" 200 2828 "http://intranet-if.insa-lyon.fr/temps/4IF39.html" "Mozilla/5.0 (Macintosh; Intel Mac OS X 10_7_5) AppleWebKit/536.25 (KHTML, like Gecko) Version/6.0 Safari/536.25"
192.168.14.122 - - [30/Sep/2012:15:00:53 +0200] "GET /temps/4IF40.html HTTP/1.1" 304 - "http://intranet-if.insa-lyon.fr/temps/index.html" "Mozilla/5.0 (X11; Linux x86_64) AppleWebKit/537.4 (KHTML, like Gecko) Chrome/22.0.1229.79 Safari/537.4"
192.168.12.47 - - [30/Sep/2012:15:01:20 +0200] "GET /temps/ HTTP/1.1" 200 6835 "http://www.google.fr/url?sa=t&rct=j&q=&esrc=s&source=web&cd=1&ved=0CCAQFjAA&url=http%3A%2F%2Fintranet-if.insa-lyon.fr%2Ftemps%2F&ei=nkJoUOX3CYu4hAfn8IBo&usg=AFQjCNEWrHsRdIlhli_31qYl94w-yMCjpw" "Mozilla/5.0 (Windows NT 6.1; WOW64; rv:15.0) Gecko/20100101 Firefox/15.0.1"
192.168.12.47 - - [30/Sep/2012:15:01:20 +0200] "GET /temps/style_emploi_du_temps.css HTTP/1.1" 200 1216 "http://intranet-if.insa-lyon.fr/temps/" "Mozilla/5.0 (Windows NT 6.1; WOW64; rv:15.0) Gecko/20100101 Firefox/15.0.1"
192.168.12.47 - - [30/Sep/2012:15:01:20 +0200] "GET /temps/InsaIF.ico HTTP/1.1" 200 766 "-" "Mozilla/5.0 (Windows NT 6.1; WOW64; rv:15.0) Gecko/20100101 Firefox/15.0.1"
192.168.12.47 - - [30/Sep/2012:15:01:20 +0200] "GET /temps/FondInsa.jpg HTTP/1.1" 200 2828 "http://intranet-if.insa-lyon.fr/temps/style_emploi_du_temps.css" "Mozilla/5.0 (Windows NT 6.1; WOW64; rv:15.0) Gecko/20100101 Firefox/15.0.1"
192.168.12.47 - - [30/Sep/2012:15:01:25 +0200] "GET /temps/4IF40.html HTTP/1.1" 200 19670 "http://intranet-if.insa-lyon.fr/temps/" "Mozilla/5.0 (Windows NT 6.1; WOW64; rv:15.0) Gecko/20100101 Firefox/15.0.1"
192.168.12.47 - - [30/Sep/2012:15:01:25 +0200] "GET /temps/precedent.gif HTTP/1.1" 200 1906 "http://intranet-if.insa-lyon.fr/temps/4IF40.html" "Mozilla/5.0 (Windows NT 6.1; WOW64; rv:15.0) Gecko/20100101 Firefox/15.0.1"
